C:/Users/ybakk/STM32CubeIDE/workspace_1.12.0/supercap_maybe/System/stm_utils/Inc/adc_utils.hpp:52:2:adc_manager::adc_manager(ADC_HandleTypeDef*, ADC_HandleTypeDef*, ADC_HandleTypeDef*)	24	static
C:/Users/ybakk/STM32CubeIDE/workspace_1.12.0/supercap_maybe/System/stm_utils/Inc/supercap_controllers.hpp:48:2:supercap_control_manager::supercap_control_manager(ADC_HandleTypeDef*, ADC_HandleTypeDef*, ADC_HandleTypeDef*)	24	static
C:/Users/ybakk/STM32CubeIDE/workspace_1.12.0/supercap_maybe/System/stm_utils/Inc/supercap_controllers.hpp:51:2:supercap_control_manager::~supercap_control_manager()	16	static
../Core/Src/main.cpp:86:5:int main()	8	static
../Core/Src/main.cpp:161:6:void StartDefaultTask(void*)	16	static
../Core/Src/main.cpp:181:6:void SystemClock_Config()	88	static
../Core/Src/main.cpp:226:7:void AnalogSignal_ADCDMA_OVRStop(ADC_HandleTypeDef*)	16	static
../Core/Src/main.cpp:231:7:void AnalogSignal_ADCDMA_OVRRecovery(ADC_HandleTypeDef*)	16	static
../Core/Src/main.cpp:247:6:void HAL_ADC_ErrorCallback(ADC_HandleTypeDef*)	16	static
../Core/Src/main.cpp:254:6:void HAL_HRTIM_RepetitionEventCallback(HRTIM_HandleTypeDef*, uint32_t)	40	static
../Core/Src/main.cpp:317:6:void Error_Handler()	4	static,ignoring_inline_asm
../Core/Src/main.cpp:326:1:void __static_initialization_and_destruction_0(int, int)	16	static
../Core/Src/main.cpp:326:1:cpp)	8	static
../Core/Src/main.cpp:326:1:cpp)	8	static
