C:\ST\STM32CubeIDE_1.12.0\STM32CubeIDE\plugins\com.st.stm32cube.ide.mcu.externaltools.gnu-tools-for-stm32.12.3.rel1.win32_1.0.200.202406191623\tools\arm-none-eabi\include\c++\12.3.1\arm-none-eabi\thumb\v7e-m+fp\hard\bits\c++config.h:516:3:constexpr bool std::__is_constant_evaluated()	4	static
C:\ST\STM32CubeIDE_1.12.0\STM32CubeIDE\plugins\com.st.stm32cube.ide.mcu.externaltools.gnu-tools-for-stm32.12.3.rel1.win32_1.0.200.202406191623\tools\bin/../lib/gcc/arm-none-eabi/12.3.1/../../../../arm-none-eabi/include/c++/12.3.1/type_traits:3520:3:constexpr bool std::is_constant_evaluated()	4	static
C:\ST\STM32CubeIDE_1.12.0\STM32CubeIDE\plugins\com.st.stm32cube.ide.mcu.externaltools.gnu-tools-for-stm32.12.3.rel1.win32_1.0.200.202406191623\tools\bin/../lib/gcc/arm-none-eabi/12.3.1/../../../../arm-none-eabi/include/c++/12.3.1/new:174:33:void* operator new(std::size_t, void*)	16	static
C:\ST\STM32CubeIDE_1.12.0\STM32CubeIDE\plugins\com.st.stm32cube.ide.mcu.externaltools.gnu-tools-for-stm32.12.3.rel1.win32_1.0.200.202406191623\tools\arm-none-eabi\include\c++\12.3.1\bits\std_function.h:241:5:std::_Function_base::~_Function_base()	16	static
C:\ST\STM32CubeIDE_1.12.0\STM32CubeIDE\plugins\com.st.stm32cube.ide.mcu.externaltools.gnu-tools-for-stm32.12.3.rel1.win32_1.0.200.202406191623\tools\arm-none-eabi\include\c++\12.3.1\bits\std_function.h:247:10:bool std::_Function_base::_M_empty() const	16	static
C:\ST\STM32CubeIDE_1.12.0\STM32CubeIDE\plugins\com.st.stm32cube.ide.mcu.externaltools.gnu-tools-for-stm32.12.3.rel1.win32_1.0.200.202406191623\tools\arm-none-eabi\include\c++\12.3.1\bits\stl_algobase.h:230:5:constexpr const _Tp& std::min(const _Tp&, const _Tp&) [with _Tp = unsigned int]	16	static
C:/Users/ybakk/STM32CubeIDE/workspace_1.12.0/supercap_maybe/System/BRoCo/include/BRoCo/IODriver.h:17:10:IODriver::~IODriver()	16	static
C:/Users/ybakk/STM32CubeIDE/workspace_1.12.0/supercap_maybe/System/BRoCo/include/BRoCo/IODriver.h:17:10:virtual IODriver::~IODriver()	16	static
C:/Users/ybakk/STM32CubeIDE/workspace_1.12.0/supercap_maybe/System/comm/Inc/Thread.h:24:10:Thread::~Thread()	16	static
C:/Users/ybakk/STM32CubeIDE/workspace_1.12.0/supercap_maybe/System/comm/Inc/Thread.h:24:10:virtual Thread::~Thread()	16	static
C:/Users/ybakk/STM32CubeIDE/workspace_1.12.0/supercap_maybe/System/BRoCo/include/BRoCo/IODriver.h:15:7:constexpr IODriver::IODriver()	16	static
C:\ST\STM32CubeIDE_1.12.0\STM32CubeIDE\plugins\com.st.stm32cube.ide.mcu.externaltools.gnu-tools-for-stm32.12.3.rel1.win32_1.0.200.202406191623\tools\arm-none-eabi\include\c++\12.3.1\bits\std_function.h:334:11:std::function<void(unsigned char, unsigned char*, long unsigned int)>::~function()	16	static
../System/BRoCo/src/RoCanDriver.cpp:24:1:ROCANDriver::ROCANDriver(FDCAN_HandleTypeDef*, uint32_t)	32	static
../System/BRoCo/src/RoCanDriver.cpp:42:1:ROCANDriver::~ROCANDriver()	48	static
../System/BRoCo/src/RoCanDriver.cpp:42:1:virtual ROCANDriver::~ROCANDriver()	16	static
../System/BRoCo/src/RoCanDriver.cpp:47:6:virtual void ROCANDriver::init()	16	static
../System/BRoCo/src/RoCanDriver.cpp:61:6:void ROCANDriver::filterConfig(uint32_t)	24	static
../System/BRoCo/src/RoCanDriver.cpp:93:10:uint32_t ROCANDriver::get_can_id()	16	static
../System/BRoCo/src/RoCanDriver.cpp:97:6:void ROCANDriver::TxHeaderConfig()	16	static
../System/BRoCo/src/RoCanDriver.cpp:106:6:void ROCANDriver::TxHeaderConfigID(uint32_t)	16	static
../System/BRoCo/src/RoCanDriver.cpp:114:6:void ROCANDriver::TxHeaderConfigLength(uint32_t)	16	static
../System/BRoCo/src/RoCanDriver.cpp:118:6:void ROCANDriver::start()	24	static
../System/BRoCo/src/RoCanDriver.cpp:124:10:uint32_t ROCANDriver::len2dlc(uint32_t, bool)	24	static
../System/BRoCo/src/RoCanDriver.cpp:189:10:uint32_t ROCANDriver::dlc2len(uint32_t)	16	static
../System/BRoCo/src/RoCanDriver.cpp:228:6:virtual void ROCANDriver::loop()	32	static
../System/BRoCo/src/RoCanDriver.cpp:243:6:virtual void ROCANDriver::receive(const std::function<void(unsigned char, unsigned char*, long unsigned int)>&)	16	static
../System/BRoCo/src/RoCanDriver.cpp:247:6:virtual void ROCANDriver::transmit(uint8_t*, uint32_t)	32	static
../System/BRoCo/src/RoCanDriver.cpp:306:10:uint8_t* ROCANDriver::getRxBuffer()	16	static
C:\ST\STM32CubeIDE_1.12.0\STM32CubeIDE\plugins\com.st.stm32cube.ide.mcu.externaltools.gnu-tools-for-stm32.12.3.rel1.win32_1.0.200.202406191623\tools\bin/../lib/gcc/arm-none-eabi/12.3.1/../../../../arm-none-eabi/include/c++/12.3.1/bits/stl_vector.h:868:7:constexpr std::vector<_Tp, _Alloc>::iterator std::vector<_Tp, _Alloc>::begin() [with _Tp = ROCANDriver*; _Alloc = std::allocator<ROCANDriver*>]	24	static
C:\ST\STM32CubeIDE_1.12.0\STM32CubeIDE\plugins\com.st.stm32cube.ide.mcu.externaltools.gnu-tools-for-stm32.12.3.rel1.win32_1.0.200.202406191623\tools\arm-none-eabi\include\c++\12.3.1\bits\stl_iterator.h:1072:7:constexpr __gnu_cxx::__normal_iterator<_Iterator, _Container>::__normal_iterator(const _Iterator&) [with _Iterator = ROCANDriver**; _Container = std::vector<ROCANDriver*>]	16	static
C:\ST\STM32CubeIDE_1.12.0\STM32CubeIDE\plugins\com.st.stm32cube.ide.mcu.externaltools.gnu-tools-for-stm32.12.3.rel1.win32_1.0.200.202406191623\tools\bin/../lib/gcc/arm-none-eabi/12.3.1/../../../../arm-none-eabi/include/c++/12.3.1/bits/stl_vector.h:888:7:constexpr std::vector<_Tp, _Alloc>::iterator std::vector<_Tp, _Alloc>::end() [with _Tp = ROCANDriver*; _Alloc = std::allocator<ROCANDriver*>]	24	static
C:\ST\STM32CubeIDE_1.12.0\STM32CubeIDE\plugins\com.st.stm32cube.ide.mcu.externaltools.gnu-tools-for-stm32.12.3.rel1.win32_1.0.200.202406191623\tools\arm-none-eabi\include\c++\12.3.1\bits\stl_iterator.h:1193:5:constexpr bool __gnu_cxx::operator==(const __normal_iterator<_Iterator, _Container>&, const __normal_iterator<_Iterator, _Container>&) requires requires{{__gnu_cxx::operator==::__lhs->base() == __gnu_cxx::operator==::__rhs->base()} -> decltype(auto) [requires std::convertible_to<<placeholder>, bool>];} [with _Iterator = ROCANDriver**; _Container = std::vector<ROCANDriver*>]	24	static
C:\ST\STM32CubeIDE_1.12.0\STM32CubeIDE\plugins\com.st.stm32cube.ide.mcu.externaltools.gnu-tools-for-stm32.12.3.rel1.win32_1.0.200.202406191623\tools\arm-none-eabi\include\c++\12.3.1\bits\stl_iterator.h:1158:7:constexpr const _Iterator& __gnu_cxx::__normal_iterator<_Iterator, _Container>::base() const [with _Iterator = ROCANDriver**; _Container = std::vector<ROCANDriver*>]	16	static
C:\ST\STM32CubeIDE_1.12.0\STM32CubeIDE\plugins\com.st.stm32cube.ide.mcu.externaltools.gnu-tools-for-stm32.12.3.rel1.win32_1.0.200.202406191623\tools\arm-none-eabi\include\c++\12.3.1\bits\stl_iterator.h:1095:7:constexpr __gnu_cxx::__normal_iterator<_Iterator, _Container>::reference __gnu_cxx::__normal_iterator<_Iterator, _Container>::operator*() const [with _Iterator = ROCANDriver**; _Container = std::vector<ROCANDriver*>]	16	static
../System/BRoCo/src/RoCanDriver.cpp:310:14:static ROCANDriver* ROCANDriver::getInstance(FDCAN_HandleTypeDef*)	32	static
../System/BRoCo/src/RoCanDriver.cpp:325:6:void ROCANDriver::receiveFDCan(uint8_t, uint8_t*, uint32_t)	24	static
../System/BRoCo/src/RoCanDriver.cpp:329:22:FDCAN_HandleTypeDef* ROCANDriver::getFDCan()	16	static
../System/BRoCo/src/RoCanDriver.cpp:334:6:void HAL_FDCAN_RxFifo0Callback(FDCAN_HandleTypeDef*, uint32_t)	24	static
../System/BRoCo/src/RoCanDriver.cpp:340:6:void HAL_FDCAN_ErrorStatusCallback(FDCAN_HandleTypeDef*, uint32_t)	32	static
../System/BRoCo/src/RoCanDriver.cpp:363:9:uint8_t ROCANDriver::getSenderID(FDCAN_HandleTypeDef*)	24	static
../System/BRoCo/src/RoCanDriver.cpp:373:18:QueueDefinition* ROCANDriver::getSemaphore()	16	static
C:\ST\STM32CubeIDE_1.12.0\STM32CubeIDE\plugins\com.st.stm32cube.ide.mcu.externaltools.gnu-tools-for-stm32.12.3.rel1.win32_1.0.200.202406191623\tools\bin/../lib/gcc/arm-none-eabi/12.3.1/../../../../arm-none-eabi/include/c++/12.3.1/bits/stl_vector.h:133:14:constexpr std::_Vector_base<ROCANDriver*, std::allocator<ROCANDriver*> >::_Vector_impl::~_Vector_impl()	16	static
C:\ST\STM32CubeIDE_1.12.0\STM32CubeIDE\plugins\com.st.stm32cube.ide.mcu.externaltools.gnu-tools-for-stm32.12.3.rel1.win32_1.0.200.202406191623\tools\arm-none-eabi\include\c++\12.3.1\bits\stl_algobase.h:254:5:constexpr const _Tp& std::max(const _Tp&, const _Tp&) [with _Tp = unsigned int]	16	static
C:\ST\STM32CubeIDE_1.12.0\STM32CubeIDE\plugins\com.st.stm32cube.ide.mcu.externaltools.gnu-tools-for-stm32.12.3.rel1.win32_1.0.200.202406191623\tools\arm-none-eabi\include\c++\12.3.1\bits\std_function.h:239:5:constexpr std::_Function_base::_Function_base()	16	static
C:\ST\STM32CubeIDE_1.12.0\STM32CubeIDE\plugins\com.st.stm32cube.ide.mcu.externaltools.gnu-tools-for-stm32.12.3.rel1.win32_1.0.200.202406191623\tools\arm-none-eabi\include\c++\12.3.1\bits\std_function.h:368:7:)>::function() [with _Res = void; _ArgTypes = {unsigned char, unsigned char*, long unsigned int}]	16	static
C:\ST\STM32CubeIDE_1.12.0\STM32CubeIDE\plugins\com.st.stm32cube.ide.mcu.externaltools.gnu-tools-for-stm32.12.3.rel1.win32_1.0.200.202406191623\tools\bin/../lib/gcc/arm-none-eabi/12.3.1/../../../../arm-none-eabi/include/c++/12.3.1/bits/stl_vector.h:1293:7:constexpr void std::vector<_Tp, _Alloc>::push_back(value_type&&) [with _Tp = ROCANDriver*; _Alloc = std::allocator<ROCANDriver*>]	16	static
C:\ST\STM32CubeIDE_1.12.0\STM32CubeIDE\plugins\com.st.stm32cube.ide.mcu.externaltools.gnu-tools-for-stm32.12.3.rel1.win32_1.0.200.202406191623\tools\bin/../lib/gcc/arm-none-eabi/12.3.1/../../../../arm-none-eabi/include/c++/12.3.1/bits/stl_algo.h:833:5:constexpr _FIter std::remove(_FIter, _FIter, const _Tp&) [with _FIter = __gnu_cxx::__normal_iterator<ROCANDriver**, vector<ROCANDriver*> >; _Tp = ROCANDriver*]	24	static
C:\ST\STM32CubeIDE_1.12.0\STM32CubeIDE\plugins\com.st.stm32cube.ide.mcu.externaltools.gnu-tools-for-stm32.12.3.rel1.win32_1.0.200.202406191623\tools\arm-none-eabi\include\c++\12.3.1\bits\stl_iterator.h:1079:2:constexpr __gnu_cxx::__normal_iterator<_Iterator, _Container>::__normal_iterator(const __gnu_cxx::__normal_iterator<_Iter, _Container>&) [with _Iter = ROCANDriver**; <template-parameter-2-2> = void; _Iterator = ROCANDriver* const*; _Container = std::vector<ROCANDriver*>]	16	static
C:\ST\STM32CubeIDE_1.12.0\STM32CubeIDE\plugins\com.st.stm32cube.ide.mcu.externaltools.gnu-tools-for-stm32.12.3.rel1.win32_1.0.200.202406191623\tools\bin/../lib/gcc/arm-none-eabi/12.3.1/../../../../arm-none-eabi/include/c++/12.3.1/bits/stl_vector.h:1557:7:constexpr std::vector<_Tp, _Alloc>::iterator std::vector<_Tp, _Alloc>::erase(const_iterator, const_iterator) [with _Tp = ROCANDriver*; _Alloc = std::allocator<ROCANDriver*>]	40	static
C:\ST\STM32CubeIDE_1.12.0\STM32CubeIDE\plugins\com.st.stm32cube.ide.mcu.externaltools.gnu-tools-for-stm32.12.3.rel1.win32_1.0.200.202406191623\tools\arm-none-eabi\include\c++\12.3.1\bits\std_function.h:469:7:)>&) [with _Res = void; _ArgTypes = {unsigned char, unsigned char*, long unsigned int}]	32	static
C:\ST\STM32CubeIDE_1.12.0\STM32CubeIDE\plugins\com.st.stm32cube.ide.mcu.externaltools.gnu-tools-for-stm32.12.3.rel1.win32_1.0.200.202406191623\tools\arm-none-eabi\include\c++\12.3.1\bits\stl_iterator.h:1105:7:constexpr __gnu_cxx::__normal_iterator<_Iterator, _Container>& __gnu_cxx::__normal_iterator<_Iterator, _Container>::operator++() [with _Iterator = ROCANDriver**; _Container = std::vector<ROCANDriver*>]	16	static
C:\ST\STM32CubeIDE_1.12.0\STM32CubeIDE\plugins\com.st.stm32cube.ide.mcu.externaltools.gnu-tools-for-stm32.12.3.rel1.win32_1.0.200.202406191623\tools\arm-none-eabi\include\c++\12.3.1\bits\std_function.h:587:7:) const [with _Res = void; _ArgTypes = {unsigned char, unsigned char*, long unsigned int}]	40	static
C:\ST\STM32CubeIDE_1.12.0\STM32CubeIDE\plugins\com.st.stm32cube.ide.mcu.externaltools.gnu-tools-for-stm32.12.3.rel1.win32_1.0.200.202406191623\tools\bin/../lib/gcc/arm-none-eabi/12.3.1/../../../../arm-none-eabi/include/c++/12.3.1/bits/allocator.h:174:7:constexpr std::allocator< <template-parameter-1-1> >::~allocator() [with _Tp = ROCANDriver*]	16	static
C:\ST\STM32CubeIDE_1.12.0\STM32CubeIDE\plugins\com.st.stm32cube.ide.mcu.externaltools.gnu-tools-for-stm32.12.3.rel1.win32_1.0.200.202406191623\tools\bin/../lib/gcc/arm-none-eabi/12.3.1/../../../../arm-none-eabi/include/c++/12.3.1/bits/stl_vector.h:364:7:constexpr std::_Vector_base<_Tp, _Alloc>::~_Vector_base() [with _Tp = ROCANDriver*; _Alloc = std::allocator<ROCANDriver*>]	16	static
C:\ST\STM32CubeIDE_1.12.0\STM32CubeIDE\plugins\com.st.stm32cube.ide.mcu.externaltools.gnu-tools-for-stm32.12.3.rel1.win32_1.0.200.202406191623\tools\bin/../lib/gcc/arm-none-eabi/12.3.1/../../../../arm-none-eabi/include/c++/12.3.1/bits/move.h:104:5:constexpr typename std::remove_reference<_Tp>::type&& std::move(_Tp&&) [with _Tp = ROCANDriver*&]	16	static
C:\ST\STM32CubeIDE_1.12.0\STM32CubeIDE\plugins\com.st.stm32cube.ide.mcu.externaltools.gnu-tools-for-stm32.12.3.rel1.win32_1.0.200.202406191623\tools\bin/../lib/gcc/arm-none-eabi/12.3.1/../../../../arm-none-eabi/include/c++/12.3.1/bits/vector.tcc:111:7:) [with _Args = {ROCANDriver*}; _Tp = ROCANDriver*; _Alloc = std::allocator<ROCANDriver*>]	24	static
C:\ST\STM32CubeIDE_1.12.0\STM32CubeIDE\plugins\com.st.stm32cube.ide.mcu.externaltools.gnu-tools-for-stm32.12.3.rel1.win32_1.0.200.202406191623\tools\arm-none-eabi\include\c++\12.3.1\bits\predefined_ops.h:276:5:constexpr __gnu_cxx::__ops::_Iter_equals_val<_Value> __gnu_cxx::__ops::__iter_equals_val(_Value&) [with _Value = ROCANDriver* const]	24	static
C:\ST\STM32CubeIDE_1.12.0\STM32CubeIDE\plugins\com.st.stm32cube.ide.mcu.externaltools.gnu-tools-for-stm32.12.3.rel1.win32_1.0.200.202406191623\tools\arm-none-eabi\include\c++\12.3.1\bits\stl_algobase.h:2131:5:constexpr _ForwardIterator std::__remove_if(_ForwardIterator, _ForwardIterator, _Predicate) [with _ForwardIterator = __gnu_cxx::__normal_iterator<ROCANDriver**, vector<ROCANDriver*> >; _Predicate = __gnu_cxx::__ops::_Iter_equals_val<ROCANDriver* const>]	40	static
C:\ST\STM32CubeIDE_1.12.0\STM32CubeIDE\plugins\com.st.stm32cube.ide.mcu.externaltools.gnu-tools-for-stm32.12.3.rel1.win32_1.0.200.202406191623\tools\bin/../lib/gcc/arm-none-eabi/12.3.1/../../../../arm-none-eabi/include/c++/12.3.1/bits/stl_vector.h:949:7:constexpr std::vector<_Tp, _Alloc>::const_iterator std::vector<_Tp, _Alloc>::cbegin() const [with _Tp = ROCANDriver*; _Alloc = std::allocator<ROCANDriver*>]	24	static
C:\ST\STM32CubeIDE_1.12.0\STM32CubeIDE\plugins\com.st.stm32cube.ide.mcu.externaltools.gnu-tools-for-stm32.12.3.rel1.win32_1.0.200.202406191623\tools\arm-none-eabi\include\c++\12.3.1\bits\stl_iterator.h:1330:5:constexpr typename __gnu_cxx::__normal_iterator<_Iterator, _Container>::difference_type __gnu_cxx::operator-(const __normal_iterator<_Iterator, _Container>&, const __normal_iterator<_Iterator, _Container>&) [with _Iterator = ROCANDriver* const*; _Container = std::vector<ROCANDriver*>]	24	static
C:\ST\STM32CubeIDE_1.12.0\STM32CubeIDE\plugins\com.st.stm32cube.ide.mcu.externaltools.gnu-tools-for-stm32.12.3.rel1.win32_1.0.200.202406191623\tools\arm-none-eabi\include\c++\12.3.1\bits\stl_iterator.h:1143:7:constexpr __gnu_cxx::__normal_iterator<_Iterator, _Container> __gnu_cxx::__normal_iterator<_Iterator, _Container>::operator+(difference_type) const [with _Iterator = ROCANDriver**; _Container = std::vector<ROCANDriver*>]	24	static
C:\ST\STM32CubeIDE_1.12.0\STM32CubeIDE\plugins\com.st.stm32cube.ide.mcu.externaltools.gnu-tools-for-stm32.12.3.rel1.win32_1.0.200.202406191623\tools\bin/../lib/gcc/arm-none-eabi/12.3.1/../../../../arm-none-eabi/include/c++/12.3.1/bits/vector.tcc:189:5:constexpr std::vector<_Tp, _Alloc>::iterator std::vector<_Tp, _Alloc>::_M_erase(iterator, iterator) [with _Tp = ROCANDriver*; _Alloc = std::allocator<ROCANDriver*>]	40	static
C:\ST\STM32CubeIDE_1.12.0\STM32CubeIDE\plugins\com.st.stm32cube.ide.mcu.externaltools.gnu-tools-for-stm32.12.3.rel1.win32_1.0.200.202406191623\tools\arm-none-eabi\include\c++\12.3.1\bits\std_function.h:386:7:)>&) [with _Res = void; _ArgTypes = {unsigned char, unsigned char*, long unsigned int}]	16	static
C:\ST\STM32CubeIDE_1.12.0\STM32CubeIDE\plugins\com.st.stm32cube.ide.mcu.externaltools.gnu-tools-for-stm32.12.3.rel1.win32_1.0.200.202406191623\tools\arm-none-eabi\include\c++\12.3.1\bits\std_function.h:556:12:)>&) [with _Res = void; _ArgTypes = {unsigned char, unsigned char*, long unsigned int}]	16	static
C:\ST\STM32CubeIDE_1.12.0\STM32CubeIDE\plugins\com.st.stm32cube.ide.mcu.externaltools.gnu-tools-for-stm32.12.3.rel1.win32_1.0.200.202406191623\tools\bin/../lib/gcc/arm-none-eabi/12.3.1/../../../../arm-none-eabi/include/c++/12.3.1/bits/move.h:77:5:constexpr _Tp&& std::forward(typename remove_reference<_Tp>::type&) [with _Tp = unsigned char]	16	static
C:\ST\STM32CubeIDE_1.12.0\STM32CubeIDE\plugins\com.st.stm32cube.ide.mcu.externaltools.gnu-tools-for-stm32.12.3.rel1.win32_1.0.200.202406191623\tools\bin/../lib/gcc/arm-none-eabi/12.3.1/../../../../arm-none-eabi/include/c++/12.3.1/bits/move.h:77:5:constexpr _Tp&& std::forward(typename remove_reference<_Tp>::type&) [with _Tp = unsigned char*]	16	static
C:\ST\STM32CubeIDE_1.12.0\STM32CubeIDE\plugins\com.st.stm32cube.ide.mcu.externaltools.gnu-tools-for-stm32.12.3.rel1.win32_1.0.200.202406191623\tools\bin/../lib/gcc/arm-none-eabi/12.3.1/../../../../arm-none-eabi/include/c++/12.3.1/bits/move.h:77:5:constexpr _Tp&& std::forward(typename remove_reference<_Tp>::type&) [with _Tp = long unsigned int]	16	static
C:\ST\STM32CubeIDE_1.12.0\STM32CubeIDE\plugins\com.st.stm32cube.ide.mcu.externaltools.gnu-tools-for-stm32.12.3.rel1.win32_1.0.200.202406191623\tools\bin/../lib/gcc/arm-none-eabi/12.3.1/../../../../arm-none-eabi/include/c++/12.3.1/bits/stl_vector.h:383:7:constexpr void std::_Vector_base<_Tp, _Alloc>::_M_deallocate(pointer, std::size_t) [with _Tp = ROCANDriver*; _Alloc = std::allocator<ROCANDriver*>]	24	static
C:\ST\STM32CubeIDE_1.12.0\STM32CubeIDE\plugins\com.st.stm32cube.ide.mcu.externaltools.gnu-tools-for-stm32.12.3.rel1.win32_1.0.200.202406191623\tools\bin/../lib/gcc/arm-none-eabi/12.3.1/../../../../arm-none-eabi/include/c++/12.3.1/bits/move.h:77:5:constexpr _Tp&& std::forward(typename remove_reference<_Tp>::type&) [with _Tp = ROCANDriver*]	16	static
C:\ST\STM32CubeIDE_1.12.0\STM32CubeIDE\plugins\com.st.stm32cube.ide.mcu.externaltools.gnu-tools-for-stm32.12.3.rel1.win32_1.0.200.202406191623\tools\arm-none-eabi\include\c++\12.3.1\bits\alloc_traits.h:511:2:) [with _Up = ROCANDriver*; _Args = {ROCANDriver*}; _Tp = ROCANDriver*]	24	static
C:\ST\STM32CubeIDE_1.12.0\STM32CubeIDE\plugins\com.st.stm32cube.ide.mcu.externaltools.gnu-tools-for-stm32.12.3.rel1.win32_1.0.200.202406191623\tools\bin/../lib/gcc/arm-none-eabi/12.3.1/../../../../arm-none-eabi/include/c++/12.3.1/bits/stl_vector.h:987:7:constexpr std::vector<_Tp, _Alloc>::size_type std::vector<_Tp, _Alloc>::size() const [with _Tp = ROCANDriver*; _Alloc = std::allocator<ROCANDriver*>]	16	static
C:\ST\STM32CubeIDE_1.12.0\STM32CubeIDE\plugins\com.st.stm32cube.ide.mcu.externaltools.gnu-tools-for-stm32.12.3.rel1.win32_1.0.200.202406191623\tools\bin/../lib/gcc/arm-none-eabi/12.3.1/../../../../arm-none-eabi/include/c++/12.3.1/bits/stl_vector.h:1891:7:constexpr std::vector<_Tp, _Alloc>::size_type std::vector<_Tp, _Alloc>::_M_check_len(size_type, const char*) const [with _Tp = ROCANDriver*; _Alloc = std::allocator<ROCANDriver*>]	40	static
C:\ST\STM32CubeIDE_1.12.0\STM32CubeIDE\plugins\com.st.stm32cube.ide.mcu.externaltools.gnu-tools-for-stm32.12.3.rel1.win32_1.0.200.202406191623\tools\arm-none-eabi\include\c++\12.3.1\bits\stl_iterator.h:1330:5:constexpr typename __gnu_cxx::__normal_iterator<_Iterator, _Container>::difference_type __gnu_cxx::operator-(const __normal_iterator<_Iterator, _Container>&, const __normal_iterator<_Iterator, _Container>&) [with _Iterator = ROCANDriver**; _Container = std::vector<ROCANDriver*>]	24	static
C:\ST\STM32CubeIDE_1.12.0\STM32CubeIDE\plugins\com.st.stm32cube.ide.mcu.externaltools.gnu-tools-for-stm32.12.3.rel1.win32_1.0.200.202406191623\tools\bin/../lib/gcc/arm-none-eabi/12.3.1/../../../../arm-none-eabi/include/c++/12.3.1/bits/vector.tcc:439:7:) [with _Args = {ROCANDriver*}; _Tp = ROCANDriver*; _Alloc = std::allocator<ROCANDriver*>]	64	static
C:\ST\STM32CubeIDE_1.12.0\STM32CubeIDE\plugins\com.st.stm32cube.ide.mcu.externaltools.gnu-tools-for-stm32.12.3.rel1.win32_1.0.200.202406191623\tools\bin/../lib/gcc/arm-none-eabi/12.3.1/../../../../arm-none-eabi/include/c++/12.3.1/bits/stl_vector.h:1228:7:constexpr std::vector<_Tp, _Alloc>::reference std::vector<_Tp, _Alloc>::back() [with _Tp = ROCANDriver*; _Alloc = std::allocator<ROCANDriver*>]	24	static
C:\ST\STM32CubeIDE_1.12.0\STM32CubeIDE\plugins\com.st.stm32cube.ide.mcu.externaltools.gnu-tools-for-stm32.12.3.rel1.win32_1.0.200.202406191623\tools\arm-none-eabi\include\c++\12.3.1\bits\predefined_ops.h:262:7:constexpr __gnu_cxx::__ops::_Iter_equals_val<_Value>::_Iter_equals_val(_Value&) [with _Value = ROCANDriver* const]	16	static
C:\ST\STM32CubeIDE_1.12.0\STM32CubeIDE\plugins\com.st.stm32cube.ide.mcu.externaltools.gnu-tools-for-stm32.12.3.rel1.win32_1.0.200.202406191623\tools\arm-none-eabi\include\c++\12.3.1\bits\stl_algobase.h:2110:5:constexpr _Iterator std::__find_if(_Iterator, _Iterator, _Predicate) [with _Iterator = __gnu_cxx::__normal_iterator<ROCANDriver**, vector<ROCANDriver*> >; _Predicate = __gnu_cxx::__ops::_Iter_equals_val<ROCANDriver* const>]	32	static
C:\ST\STM32CubeIDE_1.12.0\STM32CubeIDE\plugins\com.st.stm32cube.ide.mcu.externaltools.gnu-tools-for-stm32.12.3.rel1.win32_1.0.200.202406191623\tools\arm-none-eabi\include\c++\12.3.1\bits\predefined_ops.h:269:2:constexpr bool __gnu_cxx::__ops::_Iter_equals_val<_Value>::operator()(_Iterator) [with _Iterator = __gnu_cxx::__normal_iterator<ROCANDriver**, std::vector<ROCANDriver*> >; _Value = ROCANDriver* const]	16	static
C:\ST\STM32CubeIDE_1.12.0\STM32CubeIDE\plugins\com.st.stm32cube.ide.mcu.externaltools.gnu-tools-for-stm32.12.3.rel1.win32_1.0.200.202406191623\tools\arm-none-eabi\include\c++\12.3.1\bits\stl_iterator.h:1072:7:constexpr __gnu_cxx::__normal_iterator<_Iterator, _Container>::__normal_iterator(const _Iterator&) [with _Iterator = ROCANDriver* const*; _Container = std::vector<ROCANDriver*>]	16	static
C:\ST\STM32CubeIDE_1.12.0\STM32CubeIDE\plugins\com.st.stm32cube.ide.mcu.externaltools.gnu-tools-for-stm32.12.3.rel1.win32_1.0.200.202406191623\tools\arm-none-eabi\include\c++\12.3.1\bits\stl_iterator.h:1158:7:constexpr const _Iterator& __gnu_cxx::__normal_iterator<_Iterator, _Container>::base() const [with _Iterator = ROCANDriver* const*; _Container = std::vector<ROCANDriver*>]	16	static
C:\ST\STM32CubeIDE_1.12.0\STM32CubeIDE\plugins\com.st.stm32cube.ide.mcu.externaltools.gnu-tools-for-stm32.12.3.rel1.win32_1.0.200.202406191623\tools\arm-none-eabi\include\c++\12.3.1\bits\stl_algobase.h:644:5:constexpr _OI std::move(_II, _II, _OI) [with _II = __gnu_cxx::__normal_iterator<ROCANDriver**, vector<ROCANDriver*> >; _OI = __gnu_cxx::__normal_iterator<ROCANDriver**, vector<ROCANDriver*> >]	32	static
C:\ST\STM32CubeIDE_1.12.0\STM32CubeIDE\plugins\com.st.stm32cube.ide.mcu.externaltools.gnu-tools-for-stm32.12.3.rel1.win32_1.0.200.202406191623\tools\bin/../lib/gcc/arm-none-eabi/12.3.1/../../../../arm-none-eabi/include/c++/12.3.1/bits/stl_vector.h:1928:7:constexpr void std::vector<_Tp, _Alloc>::_M_erase_at_end(pointer) [with _Tp = ROCANDriver*; _Alloc = std::allocator<ROCANDriver*>]	32	static
C:\ST\STM32CubeIDE_1.12.0\STM32CubeIDE\plugins\com.st.stm32cube.ide.mcu.externaltools.gnu-tools-for-stm32.12.3.rel1.win32_1.0.200.202406191623\tools\arm-none-eabi\include\c++\12.3.1\bits\std_function.h:573:16:)>::operator bool() const [with _Res = void; _ArgTypes = {unsigned char, unsigned char*, long unsigned int}]	16	static
C:\ST\STM32CubeIDE_1.12.0\STM32CubeIDE\plugins\com.st.stm32cube.ide.mcu.externaltools.gnu-tools-for-stm32.12.3.rel1.win32_1.0.200.202406191623\tools\bin/../lib/gcc/arm-none-eabi/12.3.1/../../../../arm-none-eabi/include/c++/12.3.1/bits/move.h:196:5:constexpr std::_Require<std::__not_<std::__is_tuple_like<_Tp> >, std::is_move_constructible<_Tp>, std::is_move_assignable<_Tp> > std::swap(_Tp&, _Tp&) [with _Tp = _Any_data]	24	static
C:\ST\STM32CubeIDE_1.12.0\STM32CubeIDE\plugins\com.st.stm32cube.ide.mcu.externaltools.gnu-tools-for-stm32.12.3.rel1.win32_1.0.200.202406191623\tools\bin/../lib/gcc/arm-none-eabi/12.3.1/../../../../arm-none-eabi/include/c++/12.3.1/bits/move.h:196:5:constexpr std::_Require<std::__not_<std::__is_tuple_like<_Tp> >, std::is_move_constructible<_Tp>, std::is_move_assignable<_Tp> > std::swap(_Tp&, _Tp&) [with _Tp = bool (*)(_Any_data&, const _Any_data&, _Manager_operation)]	24	static
C:\ST\STM32CubeIDE_1.12.0\STM32CubeIDE\plugins\com.st.stm32cube.ide.mcu.externaltools.gnu-tools-for-stm32.12.3.rel1.win32_1.0.200.202406191623\tools\bin/../lib/gcc/arm-none-eabi/12.3.1/../../../../arm-none-eabi/include/c++/12.3.1/bits/move.h:196:5:constexpr std::_Require<std::__not_<std::__is_tuple_like<_Tp> >, std::is_move_constructible<_Tp>, std::is_move_assignable<_Tp> > std::swap(_Tp&, _Tp&) [with _Tp = void (*)(const _Any_data&, unsigned char&&, unsigned char*&&, long unsigned int&&)]	24	static
C:\ST\STM32CubeIDE_1.12.0\STM32CubeIDE\plugins\com.st.stm32cube.ide.mcu.externaltools.gnu-tools-for-stm32.12.3.rel1.win32_1.0.200.202406191623\tools\arm-none-eabi\include\c++\12.3.1\bits\alloc_traits.h:495:7:static constexpr void std::allocator_traits<std::allocator<_Up> >::deallocate(allocator_type&, pointer, size_type) [with _Tp = ROCANDriver*]	40	static
C:\ST\STM32CubeIDE_1.12.0\STM32CubeIDE\plugins\com.st.stm32cube.ide.mcu.externaltools.gnu-tools-for-stm32.12.3.rel1.win32_1.0.200.202406191623\tools\arm-none-eabi\include\c++\12.3.1\bits\stl_construct.h:94:5:) [with _Tp = ROCANDriver*; _Args = {ROCANDriver*}]	24	static
C:\ST\STM32CubeIDE_1.12.0\STM32CubeIDE\plugins\com.st.stm32cube.ide.mcu.externaltools.gnu-tools-for-stm32.12.3.rel1.win32_1.0.200.202406191623\tools\bin/../lib/gcc/arm-none-eabi/12.3.1/../../../../arm-none-eabi/include/c++/12.3.1/bits/stl_vector.h:993:7:constexpr std::vector<_Tp, _Alloc>::size_type std::vector<_Tp, _Alloc>::max_size() const [with _Tp = ROCANDriver*; _Alloc = std::allocator<ROCANDriver*>]	16	static
C:\ST\STM32CubeIDE_1.12.0\STM32CubeIDE\plugins\com.st.stm32cube.ide.mcu.externaltools.gnu-tools-for-stm32.12.3.rel1.win32_1.0.200.202406191623\tools\bin/../lib/gcc/arm-none-eabi/12.3.1/../../../../arm-none-eabi/include/c++/12.3.1/bits/stl_vector.h:375:7:constexpr std::_Vector_base<_Tp, _Alloc>::pointer std::_Vector_base<_Tp, _Alloc>::_M_allocate(std::size_t) [with _Tp = ROCANDriver*; _Alloc = std::allocator<ROCANDriver*>]	16	static
C:\ST\STM32CubeIDE_1.12.0\STM32CubeIDE\plugins\com.st.stm32cube.ide.mcu.externaltools.gnu-tools-for-stm32.12.3.rel1.win32_1.0.200.202406191623\tools\bin/../lib/gcc/arm-none-eabi/12.3.1/../../../../arm-none-eabi/include/c++/12.3.1/bits/stl_vector.h:499:7:static constexpr std::vector<_Tp, _Alloc>::pointer std::vector<_Tp, _Alloc>::_S_relocate(pointer, pointer, pointer, _Tp_alloc_type&) [with _Tp = ROCANDriver*; _Alloc = std::allocator<ROCANDriver*>]	24	static
C:\ST\STM32CubeIDE_1.12.0\STM32CubeIDE\plugins\com.st.stm32cube.ide.mcu.externaltools.gnu-tools-for-stm32.12.3.rel1.win32_1.0.200.202406191623\tools\bin/../lib/gcc/arm-none-eabi/12.3.1/../../../../arm-none-eabi/include/c++/12.3.1/bits/stl_vector.h:298:7:constexpr std::_Vector_base<_Tp, _Alloc>::_Tp_alloc_type& std::_Vector_base<_Tp, _Alloc>::_M_get_Tp_allocator() [with _Tp = ROCANDriver*; _Alloc = std::allocator<ROCANDriver*>]	16	static
C:\ST\STM32CubeIDE_1.12.0\STM32CubeIDE\plugins\com.st.stm32cube.ide.mcu.externaltools.gnu-tools-for-stm32.12.3.rel1.win32_1.0.200.202406191623\tools\arm-none-eabi\include\c++\12.3.1\bits\alloc_traits.h:531:2:static constexpr void std::allocator_traits<std::allocator<_Up> >::destroy(allocator_type&, _Up*) [with _Up = ROCANDriver*; _Tp = ROCANDriver*]	16	static
C:\ST\STM32CubeIDE_1.12.0\STM32CubeIDE\plugins\com.st.stm32cube.ide.mcu.externaltools.gnu-tools-for-stm32.12.3.rel1.win32_1.0.200.202406191623\tools\arm-none-eabi\include\c++\12.3.1\bits\alloc_traits.h:847:5:constexpr void std::_Destroy(_ForwardIterator, _ForwardIterator, allocator<_T2>&) [with _ForwardIterator = ROCANDriver**; _Tp = ROCANDriver*]	24	static
C:\ST\STM32CubeIDE_1.12.0\STM32CubeIDE\plugins\com.st.stm32cube.ide.mcu.externaltools.gnu-tools-for-stm32.12.3.rel1.win32_1.0.200.202406191623\tools\arm-none-eabi\include\c++\12.3.1\bits\stl_iterator.h:1153:7:constexpr __gnu_cxx::__normal_iterator<_Iterator, _Container> __gnu_cxx::__normal_iterator<_Iterator, _Container>::operator-(difference_type) const [with _Iterator = ROCANDriver**; _Container = std::vector<ROCANDriver*>]	24	static
C:\ST\STM32CubeIDE_1.12.0\STM32CubeIDE\plugins\com.st.stm32cube.ide.mcu.externaltools.gnu-tools-for-stm32.12.3.rel1.win32_1.0.200.202406191623\tools\arm-none-eabi\include\c++\12.3.1\bits\stl_iterator_base_types.h:238:5:constexpr typename std::iterator_traits<_Iterator>::iterator_category std::__iterator_category(const _Iter&) [with _Iter = __gnu_cxx::__normal_iterator<ROCANDriver**, vector<ROCANDriver*> >]	16	static
C:\ST\STM32CubeIDE_1.12.0\STM32CubeIDE\plugins\com.st.stm32cube.ide.mcu.externaltools.gnu-tools-for-stm32.12.3.rel1.win32_1.0.200.202406191623\tools\arm-none-eabi\include\c++\12.3.1\bits\stl_algobase.h:2059:5:constexpr _RandomAccessIterator std::__find_if(_RandomAccessIterator, _RandomAccessIterator, _Predicate, random_access_iterator_tag) [with _RandomAccessIterator = __gnu_cxx::__normal_iterator<ROCANDriver**, vector<ROCANDriver*> >; _Predicate = __gnu_cxx::__ops::_Iter_equals_val<ROCANDriver* const>]	32	static
C:\ST\STM32CubeIDE_1.12.0\STM32CubeIDE\plugins\com.st.stm32cube.ide.mcu.externaltools.gnu-tools-for-stm32.12.3.rel1.win32_1.0.200.202406191623\tools\arm-none-eabi\include\c++\12.3.1\bits\cpp_type_traits.h:562:5:constexpr _Iterator std::__miter_base(_Iterator) [with _Iterator = __gnu_cxx::__normal_iterator<ROCANDriver**, vector<ROCANDriver*> >]	16	static
C:\ST\STM32CubeIDE_1.12.0\STM32CubeIDE\plugins\com.st.stm32cube.ide.mcu.externaltools.gnu-tools-for-stm32.12.3.rel1.win32_1.0.200.202406191623\tools\arm-none-eabi\include\c++\12.3.1\bits\stl_algobase.h:527:5:constexpr _OI std::__copy_move_a(_II, _II, _OI) [with bool _IsMove = true; _II = __gnu_cxx::__normal_iterator<ROCANDriver**, vector<ROCANDriver*> >; _OI = __gnu_cxx::__normal_iterator<ROCANDriver**, vector<ROCANDriver*> >]	32	static
C:\ST\STM32CubeIDE_1.12.0\STM32CubeIDE\plugins\com.st.stm32cube.ide.mcu.externaltools.gnu-tools-for-stm32.12.3.rel1.win32_1.0.200.202406191623\tools\bin/../lib/gcc/arm-none-eabi/12.3.1/../../../../arm-none-eabi/include/c++/12.3.1/bits/move.h:104:5:constexpr typename std::remove_reference<_Tp>::type&& std::move(_Tp&&) [with _Tp = _Any_data&]	16	static
C:\ST\STM32CubeIDE_1.12.0\STM32CubeIDE\plugins\com.st.stm32cube.ide.mcu.externaltools.gnu-tools-for-stm32.12.3.rel1.win32_1.0.200.202406191623\tools\bin/../lib/gcc/arm-none-eabi/12.3.1/../../../../arm-none-eabi/include/c++/12.3.1/bits/move.h:104:5:constexpr typename std::remove_reference<_Tp>::type&& std::move(_Tp&&) [with _Tp = bool (*&)(_Any_data&, const _Any_data&, _Manager_operation)]	16	static
C:\ST\STM32CubeIDE_1.12.0\STM32CubeIDE\plugins\com.st.stm32cube.ide.mcu.externaltools.gnu-tools-for-stm32.12.3.rel1.win32_1.0.200.202406191623\tools\bin/../lib/gcc/arm-none-eabi/12.3.1/../../../../arm-none-eabi/include/c++/12.3.1/bits/move.h:104:5:constexpr typename std::remove_reference<_Tp>::type&& std::move(_Tp&&) [with _Tp = void (*&)(const _Any_data&, unsigned char&&, unsigned char*&&, long unsigned int&&)]	16	static
C:\ST\STM32CubeIDE_1.12.0\STM32CubeIDE\plugins\com.st.stm32cube.ide.mcu.externaltools.gnu-tools-for-stm32.12.3.rel1.win32_1.0.200.202406191623\tools\arm-none-eabi\include\c++\12.3.1\bits\alloc_traits.h:547:7:static constexpr std::allocator_traits<std::allocator<_Up> >::size_type std::allocator_traits<std::allocator<_Up> >::max_size(const allocator_type&) [with _Tp = ROCANDriver*]	16	static
C:\ST\STM32CubeIDE_1.12.0\STM32CubeIDE\plugins\com.st.stm32cube.ide.mcu.externaltools.gnu-tools-for-stm32.12.3.rel1.win32_1.0.200.202406191623\tools\bin/../lib/gcc/arm-none-eabi/12.3.1/../../../../arm-none-eabi/include/c++/12.3.1/bits/stl_vector.h:1911:7:static constexpr std::vector<_Tp, _Alloc>::size_type std::vector<_Tp, _Alloc>::_S_max_size(const _Tp_alloc_type&) [with _Tp = ROCANDriver*; _Alloc = std::allocator<ROCANDriver*>]	24	static
C:\ST\STM32CubeIDE_1.12.0\STM32CubeIDE\plugins\com.st.stm32cube.ide.mcu.externaltools.gnu-tools-for-stm32.12.3.rel1.win32_1.0.200.202406191623\tools\bin/../lib/gcc/arm-none-eabi/12.3.1/../../../../arm-none-eabi/include/c++/12.3.1/bits/stl_vector.h:303:7:constexpr const std::_Vector_base<_Tp, _Alloc>::_Tp_alloc_type& std::_Vector_base<_Tp, _Alloc>::_M_get_Tp_allocator() const [with _Tp = ROCANDriver*; _Alloc = std::allocator<ROCANDriver*>]	16	static
C:\ST\STM32CubeIDE_1.12.0\STM32CubeIDE\plugins\com.st.stm32cube.ide.mcu.externaltools.gnu-tools-for-stm32.12.3.rel1.win32_1.0.200.202406191623\tools\arm-none-eabi\include\c++\12.3.1\bits\alloc_traits.h:463:7:static constexpr _Tp* std::allocator_traits<std::allocator<_Up> >::allocate(allocator_type&, size_type) [with _Tp = ROCANDriver*]	24	static
C:\ST\STM32CubeIDE_1.12.0\STM32CubeIDE\plugins\com.st.stm32cube.ide.mcu.externaltools.gnu-tools-for-stm32.12.3.rel1.win32_1.0.200.202406191623\tools\arm-none-eabi\include\c++\12.3.1\bits\stl_uninitialized.h:1127:5:constexpr _ForwardIterator std::__relocate_a(_InputIterator, _InputIterator, _ForwardIterator, _Allocator&) [with _InputIterator = ROCANDriver**; _ForwardIterator = ROCANDriver**; _Allocator = allocator<ROCANDriver*>]	32	static
C:\ST\STM32CubeIDE_1.12.0\STM32CubeIDE\plugins\com.st.stm32cube.ide.mcu.externaltools.gnu-tools-for-stm32.12.3.rel1.win32_1.0.200.202406191623\tools\arm-none-eabi\include\c++\12.3.1\bits\stl_construct.h:80:5:constexpr void std::destroy_at(_Tp*) [with _Tp = ROCANDriver*]	16	static
C:\ST\STM32CubeIDE_1.12.0\STM32CubeIDE\plugins\com.st.stm32cube.ide.mcu.externaltools.gnu-tools-for-stm32.12.3.rel1.win32_1.0.200.202406191623\tools\arm-none-eabi\include\c++\12.3.1\bits\stl_construct.h:182:5:constexpr void std::_Destroy(_ForwardIterator, _ForwardIterator) [with _ForwardIterator = ROCANDriver**]	16	static
C:\ST\STM32CubeIDE_1.12.0\STM32CubeIDE\plugins\com.st.stm32cube.ide.mcu.externaltools.gnu-tools-for-stm32.12.3.rel1.win32_1.0.200.202406191623\tools\arm-none-eabi\include\c++\12.3.1\bits\stl_iterator.h:1353:5:constexpr _Iterator std::__niter_base(__gnu_cxx::__normal_iterator<_Iterator, _Container>) [with _Iterator = ROCANDriver**; _Container = vector<ROCANDriver*>]	16	static
C:\ST\STM32CubeIDE_1.12.0\STM32CubeIDE\plugins\com.st.stm32cube.ide.mcu.externaltools.gnu-tools-for-stm32.12.3.rel1.win32_1.0.200.202406191623\tools\arm-none-eabi\include\c++\12.3.1\bits\stl_algobase.h:521:5:constexpr _OI std::__copy_move_a1(_II, _II, _OI) [with bool _IsMove = true; _II = ROCANDriver**; _OI = ROCANDriver**]	24	static
C:\ST\STM32CubeIDE_1.12.0\STM32CubeIDE\plugins\com.st.stm32cube.ide.mcu.externaltools.gnu-tools-for-stm32.12.3.rel1.win32_1.0.200.202406191623\tools\arm-none-eabi\include\c++\12.3.1\bits\stl_algobase.h:328:5:constexpr _From std::__niter_wrap(_From, _To) [with _From = __gnu_cxx::__normal_iterator<ROCANDriver**, vector<ROCANDriver*> >; _To = ROCANDriver**]	16	static
C:\ST\STM32CubeIDE_1.12.0\STM32CubeIDE\plugins\com.st.stm32cube.ide.mcu.externaltools.gnu-tools-for-stm32.12.3.rel1.win32_1.0.200.202406191623\tools\arm-none-eabi\include\c++\12.3.1\bits\new_allocator.h:142:7:void std::__new_allocator<_Tp>::deallocate(_Tp*, size_type) [with _Tp = ROCANDriver*]	24	static
C:\ST\STM32CubeIDE_1.12.0\STM32CubeIDE\plugins\com.st.stm32cube.ide.mcu.externaltools.gnu-tools-for-stm32.12.3.rel1.win32_1.0.200.202406191623\tools\arm-none-eabi\include\c++\12.3.1\bits\stl_algobase.h:313:5:constexpr _Iterator std::__niter_base(_Iterator) [with _Iterator = ROCANDriver**]	16	static
C:\ST\STM32CubeIDE_1.12.0\STM32CubeIDE\plugins\com.st.stm32cube.ide.mcu.externaltools.gnu-tools-for-stm32.12.3.rel1.win32_1.0.200.202406191623\tools\arm-none-eabi\include\c++\12.3.1\bits\stl_iterator.h:1072:7:constexpr __gnu_cxx::__normal_iterator<_Iterator, _Container>::__normal_iterator(const _Iterator&) [with _Iterator = ROCANDriver**; _Container = void]	16	static
C:\ST\STM32CubeIDE_1.12.0\STM32CubeIDE\plugins\com.st.stm32cube.ide.mcu.externaltools.gnu-tools-for-stm32.12.3.rel1.win32_1.0.200.202406191623\tools\arm-none-eabi\include\c++\12.3.1\bits\stl_uninitialized.h:1100:5:constexpr std::__enable_if_t<std::__is_bitwise_relocatable<_Tp>::value, _Tp*> std::__relocate_a_1(_Tp*, _Tp*, _Tp*, allocator<_T2>&) [with _Tp = ROCANDriver*; _Up = ROCANDriver*]	32	static
C:\ST\STM32CubeIDE_1.12.0\STM32CubeIDE\plugins\com.st.stm32cube.ide.mcu.externaltools.gnu-tools-for-stm32.12.3.rel1.win32_1.0.200.202406191623\tools\arm-none-eabi\include\c++\12.3.1\bits\stl_construct.h:160:2:static constexpr void std::_Destroy_aux<<anonymous> >::__destroy(_ForwardIterator, _ForwardIterator) [with _ForwardIterator = ROCANDriver**; bool <anonymous> = false]	16	static
C:\ST\STM32CubeIDE_1.12.0\STM32CubeIDE\plugins\com.st.stm32cube.ide.mcu.externaltools.gnu-tools-for-stm32.12.3.rel1.win32_1.0.200.202406191623\tools\arm-none-eabi\include\c++\12.3.1\bits\stl_construct.h:172:9:static void std::_Destroy_aux<true>::__destroy(_ForwardIterator, _ForwardIterator) [with _ForwardIterator = ROCANDriver**]	16	static
C:\ST\STM32CubeIDE_1.12.0\STM32CubeIDE\plugins\com.st.stm32cube.ide.mcu.externaltools.gnu-tools-for-stm32.12.3.rel1.win32_1.0.200.202406191623\tools\arm-none-eabi\include\c++\12.3.1\bits\stl_algobase.h:486:5:constexpr _OI std::__copy_move_a2(_II, _II, _OI) [with bool _IsMove = true; _II = ROCANDriver**; _OI = ROCANDriver**]	24	static
C:\ST\STM32CubeIDE_1.12.0\STM32CubeIDE\plugins\com.st.stm32cube.ide.mcu.externaltools.gnu-tools-for-stm32.12.3.rel1.win32_1.0.200.202406191623\tools\arm-none-eabi\include\c++\12.3.1\bits\new_allocator.h:112:7:_Tp* std::__new_allocator<_Tp>::allocate(size_type, const void*) [with _Tp = ROCANDriver*]	24	static
C:\ST\STM32CubeIDE_1.12.0\STM32CubeIDE\plugins\com.st.stm32cube.ide.mcu.externaltools.gnu-tools-for-stm32.12.3.rel1.win32_1.0.200.202406191623\tools\arm-none-eabi\include\c++\12.3.1\bits\stl_uninitialized.h:1078:5:constexpr _ForwardIterator std::__relocate_a_1(_InputIterator, _InputIterator, _ForwardIterator, _Allocator&) [with _InputIterator = ROCANDriver**; _ForwardIterator = __gnu_cxx::__normal_iterator<ROCANDriver**, void>; _Allocator = allocator<ROCANDriver*>]	40	static
C:\ST\STM32CubeIDE_1.12.0\STM32CubeIDE\plugins\com.st.stm32cube.ide.mcu.externaltools.gnu-tools-for-stm32.12.3.rel1.win32_1.0.200.202406191623\tools\arm-none-eabi\include\c++\12.3.1\bits\stl_iterator.h:1158:7:constexpr const _Iterator& __gnu_cxx::__normal_iterator<_Iterator, _Container>::base() const [with _Iterator = ROCANDriver**; _Container = void]	16	static
C:\ST\STM32CubeIDE_1.12.0\STM32CubeIDE\plugins\com.st.stm32cube.ide.mcu.externaltools.gnu-tools-for-stm32.12.3.rel1.win32_1.0.200.202406191623\tools\bin/../lib/gcc/arm-none-eabi/12.3.1/../../../../arm-none-eabi/include/c++/12.3.1/bits/move.h:49:5:constexpr _Tp* std::__addressof(_Tp&) [with _Tp = ROCANDriver*]	16	static
C:\ST\STM32CubeIDE_1.12.0\STM32CubeIDE\plugins\com.st.stm32cube.ide.mcu.externaltools.gnu-tools-for-stm32.12.3.rel1.win32_1.0.200.202406191623\tools\arm-none-eabi\include\c++\12.3.1\bits\stl_construct.h:146:5:constexpr void std::_Destroy(_Tp*) [with _Tp = ROCANDriver*]	16	static
C:\ST\STM32CubeIDE_1.12.0\STM32CubeIDE\plugins\com.st.stm32cube.ide.mcu.externaltools.gnu-tools-for-stm32.12.3.rel1.win32_1.0.200.202406191623\tools\arm-none-eabi\include\c++\12.3.1\bits\stl_algobase.h:400:2:static constexpr _OI std::__copy_move<true, false, std::random_access_iterator_tag>::__copy_m(_II, _II, _OI) [with _II = ROCANDriver**; _OI = ROCANDriver**]	32	static
C:\ST\STM32CubeIDE_1.12.0\STM32CubeIDE\plugins\com.st.stm32cube.ide.mcu.externaltools.gnu-tools-for-stm32.12.3.rel1.win32_1.0.200.202406191623\tools\arm-none-eabi\include\c++\12.3.1\bits\stl_algobase.h:420:2:static constexpr _Tp* std::__copy_move<_IsMove, true, std::random_access_iterator_tag>::__copy_m(const _Tp*, const _Tp*, _Tp*) [with _Tp = ROCANDriver*; bool _IsMove = true]	32	static
C:\ST\STM32CubeIDE_1.12.0\STM32CubeIDE\plugins\com.st.stm32cube.ide.mcu.externaltools.gnu-tools-for-stm32.12.3.rel1.win32_1.0.200.202406191623\tools\arm-none-eabi\include\c++\12.3.1\bits\new_allocator.h:210:7:constexpr std::__new_allocator<_Tp>::size_type std::__new_allocator<_Tp>::_M_max_size() const [with _Tp = ROCANDriver*]	16	static
C:\ST\STM32CubeIDE_1.12.0\STM32CubeIDE\plugins\com.st.stm32cube.ide.mcu.externaltools.gnu-tools-for-stm32.12.3.rel1.win32_1.0.200.202406191623\tools\arm-none-eabi\include\c++\12.3.1\bits\stl_iterator.h:1105:7:constexpr __gnu_cxx::__normal_iterator<_Iterator, _Container>& __gnu_cxx::__normal_iterator<_Iterator, _Container>::operator++() [with _Iterator = ROCANDriver**; _Container = void]	16	static
C:\ST\STM32CubeIDE_1.12.0\STM32CubeIDE\plugins\com.st.stm32cube.ide.mcu.externaltools.gnu-tools-for-stm32.12.3.rel1.win32_1.0.200.202406191623\tools\arm-none-eabi\include\c++\12.3.1\bits\stl_iterator.h:1095:7:constexpr __gnu_cxx::__normal_iterator<_Iterator, _Container>::reference __gnu_cxx::__normal_iterator<_Iterator, _Container>::operator*() const [with _Iterator = ROCANDriver**; _Container = void]	16	static
C:\ST\STM32CubeIDE_1.12.0\STM32CubeIDE\plugins\com.st.stm32cube.ide.mcu.externaltools.gnu-tools-for-stm32.12.3.rel1.win32_1.0.200.202406191623\tools\arm-none-eabi\include\c++\12.3.1\bits\stl_uninitialized.h:1056:5:constexpr void std::__relocate_object_a(_Tp*, _Up*, _Allocator&) [with _Tp = ROCANDriver*; _Up = ROCANDriver*; _Allocator = allocator<ROCANDriver*>]	24	static
../System/BRoCo/src/RoCanDriver.cpp:377:56:void __static_initialization_and_destruction_0(int, int)	16	static
C:\ST\STM32CubeIDE_1.12.0\STM32CubeIDE\plugins\com.st.stm32cube.ide.mcu.externaltools.gnu-tools-for-stm32.12.3.rel1.win32_1.0.200.202406191623\tools\bin/../lib/gcc/arm-none-eabi/12.3.1/../../../../arm-none-eabi/include/c++/12.3.1/bits/stl_vector.h:728:7:constexpr std::vector<_Tp, _Alloc>::~vector() [with _Tp = ROCANDriver*; _Alloc = std::allocator<ROCANDriver*>]	24	static
../System/BRoCo/src/RoCanDriver.cpp:377:56:cpp)	8	static
../System/BRoCo/src/RoCanDriver.cpp:377:56:cpp)	8	static
