C:/Users/ybakk/STM32CubeIDE/workspace_1.12.0/supercap_maybe/System/comm/Inc/Thread.h:24:10:Thread::~Thread()	16	static
C:/Users/ybakk/STM32CubeIDE/workspace_1.12.0/supercap_maybe/System/comm/Inc/Thread.h:24:10:virtual Thread::~Thread()	16	static
C:/Users/ybakk/STM32CubeIDE/workspace_1.12.0/supercap_maybe/System/comm/Inc/DataStructures.h:132:11:uint8_t* dummyData::toArray(uint8_t*)	16	static
C:/Users/ybakk/STM32CubeIDE/workspace_1.12.0/supercap_maybe/System/BRoCo/include/Protocol/ProtocolMacros.h:7:17:uint16_t __gen_crc16(const uint8_t*, uint16_t)	24	static
../System/Threads/Src/dummy_thread.cpp:14:1:dummyThread::~dummyThread()	16	static
../System/Threads/Src/dummy_thread.cpp:14:1:virtual dummyThread::~dummyThread()	16	static
../System/Threads/Src/dummy_thread.cpp:17:6:virtual void dummyThread::init()	24	static
../System/Threads/Src/dummy_thread.cpp:29:6:virtual void dummyThread::loop()	16	static,ignoring_inline_asm
../System/Threads/Src/dummy_thread.cpp:50:6:static void dummyThread::handle_dummy(uint8_t, dummyPacket*)	24	static
